Hs_tRNA.M.CAT.1	SRR7971416_3114948_1_0.258138926756435	100.00	37	0	0	12	48	38	2	6e-12	69.4
Hs_tRNA.M.CAT.1	SRR7971416_3396881_1_0.258138926756435	100.00	32	0	0	41	72	50	19	4e-09	60.2
Hs_tRNA.M.CAT.2	SRR7971416_3114948_1_0.258138926756435	100.00	37	0	0	12	48	38	2	6e-12	69.4
Hs_tRNA.R.CCG.2	SRR7971416_3224187_1_0.258138926756435	100.00	29	0	0	6	34	30	2	2e-07	54.7
Hs_tRNA.S.GCT.5	SRR7971416_3522356_1_0.258138926756435	100.00	28	0	0	1	28	22	49	8e-07	52.8
Hs_tRNA.S.GCT.5	SRR7971416_1759920_3_0.774416780269306	100.00	28	0	0	1	28	23	50	8e-07	52.8
Hs_tRNA.S.GCT.1	SRR7971416_3522356_1_0.258138926756435	100.00	28	0	0	1	28	22	49	8e-07	52.8
Hs_tRNA.S.GCT.1	SRR7971416_1759920_3_0.774416780269306	100.00	28	0	0	1	28	23	50	8e-07	52.8
Hs_tRNA.S.GCT.2	SRR7971416_3522356_1_0.258138926756435	100.00	28	0	0	1	28	22	49	8e-07	52.8
Hs_tRNA.S.GCT.2	SRR7971416_1759920_3_0.774416780269306	100.00	28	0	0	1	28	23	50	8e-07	52.8
Hs_tRNA.S.GCT.4	SRR7971416_3522356_1_0.258138926756435	100.00	28	0	0	1	28	22	49	8e-07	52.8
Hs_tRNA.S.GCT.4	SRR7971416_1759920_3_0.774416780269306	100.00	28	0	0	1	28	23	50	8e-07	52.8
Hs_tRNA.S.GCT.3	SRR7971416_3522356_1_0.258138926756435	100.00	28	0	0	1	28	22	49	8e-07	52.8
Hs_tRNA.S.GCT.3	SRR7971416_1759920_3_0.774416780269306	100.00	28	0	0	1	28	23	50	8e-07	52.8
Hs_tRNA.K.CTT.11	SRR7971416_2376643_2_0.516277853512871	100.00	29	0	0	14	42	29	1	2e-07	54.7
Hs_tRNA.G.GCC.1	SRR7971416_3004533_1_0.258138926756435	97.62	42	1	0	1	42	42	1	5e-13	73.1
Hs_tRNA.G.CCC.1	SRR7971416_3004533_1_0.258138926756435	97.62	42	1	0	1	42	42	1	5e-13	73.1
Hs_tRNA.G.GCC.2	SRR7971416_3004533_1_0.258138926756435	100.00	42	0	0	1	42	42	1	1e-14	78.7
Hs_tRNA.G.GCC.3	SRR7971416_3004533_1_0.258138926756435	100.00	42	0	0	1	42	42	1	1e-14	78.7
Hs_tRNA.G.GCC.5	SRR7971416_3004533_1_0.258138926756435	97.62	42	1	0	1	42	42	1	5e-13	73.1
Hs_tRNA.K.CTT.7	SRR7971416_2376643_2_0.516277853512871	100.00	29	0	0	16	44	29	1	2e-07	54.7
Hs_tRNA.K.TTT.3	SRR7971416_1880844_3_0.774416780269306	100.00	50	0	0	24	73	50	1	4e-19	93.5
Hs_tRNA.K.CTT.5	SRR7971416_1964350_2_0.516277853512871	97.83	46	1	0	28	73	50	5	3e-15	80.5
Hs_tRNA.K.CTT.3	SRR7971416_1964350_2_0.516277853512871	97.83	46	1	0	28	73	50	5	3e-15	80.5
Hs_tRNA.K.CTT.2	SRR7971416_1964350_2_0.516277853512871	100.00	46	0	0	28	73	50	5	6e-17	86.1
Hs_tRNA.K.CTT.2	SRR7971416_2376643_2_0.516277853512871	100.00	29	0	0	16	44	29	1	2e-07	54.7
Hs_tRNA.K.CTT.1	SRR7971416_1964350_2_0.516277853512871	97.73	44	1	0	30	73	48	5	4e-14	76.8
Hs_tRNA.K.CTT.4	SRR7971416_1964350_2_0.516277853512871	100.00	44	0	0	30	73	48	5	8e-16	82.4
Hs_tRNA.H.GTG.1	SRR7971416_3088509_1_0.258138926756435	100.00	50	0	0	3	52	1	50	4e-19	93.5
Hs_tRNA.H.GTG.1	SRR7971416_1529439_3_0.774416780269306	100.00	41	0	0	1	41	41	1	4e-14	76.8
Hs_tRNA.H.GTG.1	SRR7971416_3522159_1_0.258138926756435	100.00	40	0	0	1	40	40	1	1e-13	75.0
Hs_tRNA.K.TTT.4	SRR7971416_1880844_3_0.774416780269306	98.00	50	1	0	24	73	50	1	2e-17	87.9
Hs_tRNA.K.TTT.1	SRR7971416_1880844_3_0.774416780269306	97.96	49	1	0	24	72	50	2	6e-17	86.1
Hs_tRNA.K.TTT.2	SRR7971416_1880844_3_0.774416780269306	98.00	50	1	0	24	73	50	1	2e-17	87.9
Hs_tRNA.K.TTT.6	SRR7971416_1880844_3_0.774416780269306	96.00	50	2	0	24	73	50	1	8e-16	82.4
Hs_tRNA.G.TCC.2	SRR7971416_3250535_1_0.258138926756435	96.88	32	1	0	8	39	45	14	2e-07	54.7
Hs_tRNA.I.TAT.1	SRR7971416_3240100_1_0.258138926756435	100.00	28	0	0	66	93	1	28	9e-07	52.8
Hs_tRNA.V.CAC.2	SRR7971416_1079718_4_1.03255570702574	97.67	43	1	0	3	45	8	50	1e-13	75.0
Hs_tRNA.V.CAC.2	SRR7971416_3459367_1_0.258138926756435	97.62	42	1	0	29	70	1	42	5e-13	73.1
Hs_tRNA.V.CAC.2	SRR7971416_0877184_4_1.03255570702574	97.56	41	1	0	3	43	10	50	2e-12	71.3
Hs_tRNA.Q.CTG.6	SRR7971416_1531734_3_0.774416780269306	96.88	32	1	0	40	71	1	32	2e-07	54.7
Hs_tRNA.Q.TTG.3	SRR7971416_1531734_3_0.774416780269306	96.97	33	1	0	40	72	1	33	5e-08	56.5
Hs_tRNA.T.AGT.6	SRR7971416_1476550_3_0.774416780269306	100.00	38	0	0	1	38	13	50	2e-12	71.3
Hs_tRNA.T.TGT.3	SRR7971416_3822235_1_0.258138926756435	100.00	49	0	0	1	49	2	50	1e-18	91.6
Hs_tRNA.R.TCT.1	SRR7971416_1161323_4_1.03255570702574	97.37	38	1	0	1	38	2	39	1e-10	65.8
Hs_tRNA.P.AGG.1	SRR7971416_2091160_2_0.516277853512871	100.00	32	0	0	41	72	34	3	4e-09	60.2
Hs_tRNA.P.AGG.2	SRR7971416_2091160_2_0.516277853512871	100.00	32	0	0	41	72	34	3	4e-09	60.2
Hs_tRNA.P.CGG.1	SRR7971416_2091160_2_0.516277853512871	100.00	32	0	0	41	72	34	3	4e-09	60.2
Hs_tRNA.P.CGG.2	SRR7971416_2091160_2_0.516277853512871	100.00	32	0	0	41	72	34	3	4e-09	60.2
Hs_tRNA.P.TGG.3	SRR7971416_2091160_2_0.516277853512871	100.00	32	0	0	41	72	34	3	4e-09	60.2
Hs_tRNA.P.TGG.2	SRR7971416_2091160_2_0.516277853512871	100.00	32	0	0	41	72	34	3	4e-09	60.2
Hs_tRNA.P.TGG.1	SRR7971416_2091160_2_0.516277853512871	100.00	32	0	0	41	72	34	3	4e-09	60.2
Hs_tRNA.R.TCT.3	SRR7971416_1161323_4_1.03255570702574	100.00	38	0	0	1	38	2	39	2e-12	71.3
Hs_tRNA.R.TCT.3	SRR7971416_1810408_3_0.774416780269306	100.00	31	0	0	56	86	50	20	2e-08	58.4
Hs_tRNA.R.TCT.5	SRR7971416_1161323_4_1.03255570702574	100.00	39	0	0	1	39	2	40	6e-13	73.1
Hs_tRNA.R.TCT.3	SRR7971416_1161323_4_1.03255570702574	100.00	49	0	0	1	49	2	50	2e-18	91.6
Hs_tRNA.R.TCT.3	SRR7971416_1810408_3_0.774416780269306	100.00	31	0	0	61	91	50	20	2e-08	58.4
Hs_tRNA.R.TCT.2	SRR7971416_1161323_4_1.03255570702574	97.62	42	0	1	1	41	2	43	2e-12	71.3
Hs_tRNA.R.ACG.1	SRR7971416_2387777_2_0.516277853512871	100.00	45	0	0	1	45	6	50	2e-16	84.2
Hs_tRNA.R.ACG.1	SRR7971416_0605040_5_1.29069463378218	100.00	41	0	0	1	41	41	1	4e-14	76.8
Hs_tRNA.R.ACG.2	SRR7971416_2387777_2_0.516277853512871	100.00	45	0	0	1	45	6	50	2e-16	84.2
Hs_tRNA.R.ACG.2	SRR7971416_0605040_5_1.29069463378218	100.00	41	0	0	1	41	41	1	4e-14	76.8
Hs_tRNA.Q.TTG.1	SRR7971416_1531734_3_0.774416780269306	96.97	33	1	0	40	72	1	33	5e-08	56.5
Hs_tRNA.Q.CTG.1	SRR7971416_1531734_3_0.774416780269306	100.00	33	0	0	40	72	1	33	1e-09	62.1
Hs_tRNA.Q.CTG.1	SRR7971416_1245518_4_1.03255570702574	100.00	30	0	0	15	44	30	1	5e-08	56.5
Hs_tRNA.Q.CTG.2	SRR7971416_1245518_4_1.03255570702574	100.00	30	0	0	15	44	30	1	5e-08	56.5
Hs_tRNA.L.CAG.2	SRR7971416_3022052_1_0.258138926756435	100.00	30	0	0	54	83	47	18	6e-08	56.5
Hs_tRNA.L.CAG.2	SRR7971416_0290608_7_1.80697248729505	100.00	30	0	0	54	83	47	18	6e-08	56.5
Hs_tRNA.L.CAA.1	SRR7971416_3022052_1_0.258138926756435	100.00	30	0	0	77	106	47	18	8e-08	56.5
Hs_tRNA.L.CAA.1	SRR7971416_0290608_7_1.80697248729505	100.00	30	0	0	77	106	47	18	8e-08	56.5
Hs_tRNA.L.CAA.2	SRR7971416_3022052_1_0.258138926756435	100.00	30	0	0	79	108	47	18	9e-08	56.5
Hs_tRNA.L.CAA.2	SRR7971416_0290608_7_1.80697248729505	100.00	30	0	0	79	108	47	18	9e-08	56.5
Hs_tRNA.L.CAA.1	SRR7971416_3022052_1_0.258138926756435	100.00	30	0	0	76	105	47	18	8e-08	56.5
Hs_tRNA.L.CAA.1	SRR7971416_0290608_7_1.80697248729505	100.00	30	0	0	76	105	47	18	8e-08	56.5
Hs_tRNA.L.CAA.4	SRR7971416_3022052_1_0.258138926756435	100.00	30	0	0	77	106	47	18	8e-08	56.5
Hs_tRNA.L.CAA.4	SRR7971416_0290608_7_1.80697248729505	100.00	30	0	0	77	106	47	18	8e-08	56.5
Hs_tRNA.L.CAA.3	SRR7971416_3022052_1_0.258138926756435	100.00	30	0	0	78	107	47	18	8e-08	56.5
Hs_tRNA.L.CAA.3	SRR7971416_0290608_7_1.80697248729505	100.00	30	0	0	78	107	47	18	8e-08	56.5
Hs_tRNA.N.GTT.3	SRR7971416_1772968_3_0.774416780269306	100.00	43	0	0	32	74	50	8	3e-15	80.5
Hs_tRNA.N.GTT.3	SRR7971416_0676062_5_1.29069463378218	100.00	39	0	0	36	74	50	12	5e-13	73.1
Hs_tRNA.N.GTT.3	SRR7971416_0393434_6_1.54883356053861	100.00	38	0	0	36	73	38	1	2e-12	71.3
Hs_tRNA.N.GTT.2	SRR7971416_1772968_3_0.774416780269306	100.00	43	0	0	32	74	50	8	3e-15	80.5
Hs_tRNA.N.GTT.2	SRR7971416_0676062_5_1.29069463378218	100.00	39	0	0	36	74	50	12	5e-13	73.1
Hs_tRNA.N.GTT.2	SRR7971416_0393434_6_1.54883356053861	100.00	38	0	0	36	73	38	1	2e-12	71.3
Hs_tRNA.N.GTT.1	SRR7971416_1772968_3_0.774416780269306	97.67	43	1	0	32	74	50	8	1e-13	75.0
Hs_tRNA.N.GTT.5	SRR7971416_1772968_3_0.774416780269306	97.67	43	1	0	32	74	50	8	1e-13	75.0
Hs_tRNA.N.GTT.5	SRR7971416_0676062_5_1.29069463378218	97.44	39	1	0	36	74	50	12	2e-11	67.6
Hs_tRNA.N.GTT.5	SRR7971416_0393434_6_1.54883356053861	97.37	38	1	0	36	73	38	1	8e-11	65.8
Hs_tRNA.N.GTT.6	SRR7971416_1772968_3_0.774416780269306	97.67	43	1	0	32	74	50	8	1e-13	75.0
Hs_tRNA.N.GTT.6	SRR7971416_0676062_5_1.29069463378218	97.44	39	1	0	36	74	50	12	2e-11	67.6
Hs_tRNA.N.GTT.6	SRR7971416_0393434_6_1.54883356053861	97.37	38	1	0	36	73	38	1	8e-11	65.8
Hs_tRNA.V.CAC.6	SRR7971416_1079718_4_1.03255570702574	97.78	45	1	0	1	45	6	50	1e-14	78.7
Hs_tRNA.V.CAC.6	SRR7971416_0877184_4_1.03255570702574	97.67	43	1	0	1	43	8	50	1e-13	75.0
Hs_tRNA.V.CAC.3	SRR7971416_3459367_1_0.258138926756435	95.56	45	2	0	29	73	1	45	5e-13	73.1
Hs_tRNA.V.AAC.2	SRR7971416_3459367_1_0.258138926756435	97.78	45	1	0	29	73	1	45	1e-14	78.7
Hs_tRNA.V.AAC.1	SRR7971416_3459367_1_0.258138926756435	97.78	45	1	0	29	73	1	45	1e-14	78.7
Hs_tRNA.V.AAC.1	SRR7971416_1079718_4_1.03255570702574	97.78	45	1	0	1	45	6	50	1e-14	78.7
Hs_tRNA.V.AAC.1	SRR7971416_0877184_4_1.03255570702574	97.67	43	1	0	1	43	8	50	1e-13	75.0
Hs_tRNA.V.AAC.3	SRR7971416_1079718_4_1.03255570702574	97.78	45	1	0	1	45	6	50	1e-14	78.7
Hs_tRNA.V.AAC.3	SRR7971416_0877184_4_1.03255570702574	97.67	43	1	0	1	43	8	50	1e-13	75.0
Hs_tRNA.V.AAC.4	SRR7971416_1079718_4_1.03255570702574	97.78	45	1	0	1	45	6	50	1e-14	78.7
Hs_tRNA.V.AAC.4	SRR7971416_0877184_4_1.03255570702574	97.67	43	1	0	1	43	8	50	1e-13	75.0
Hs_tRNA.V.CAC.1	SRR7971416_3459367_1_0.258138926756435	100.00	45	0	0	29	73	1	45	2e-16	84.2
Hs_tRNA.V.CAC.1	SRR7971416_1079718_4_1.03255570702574	100.00	45	0	0	1	45	6	50	2e-16	84.2
Hs_tRNA.V.CAC.1	SRR7971416_0877184_4_1.03255570702574	100.00	43	0	0	1	43	8	50	3e-15	80.5
Hs_tRNA.V.CAC.4	SRR7971416_1079718_4_1.03255570702574	100.00	45	0	0	1	45	6	50	2e-16	84.2
Hs_tRNA.V.CAC.4	SRR7971416_0877184_4_1.03255570702574	100.00	43	0	0	1	43	8	50	3e-15	80.5
Hs_tRNA.V.CAC.4	SRR7971416_3459367_1_0.258138926756435	97.78	45	1	0	29	73	1	45	1e-14	78.7
Hs_tRNA.V.CAC.5	SRR7971416_3459367_1_0.258138926756435	97.83	46	0	1	29	74	1	45	1e-14	78.7
Hs_tRNA.V.CAC.5	SRR7971416_1079718_4_1.03255570702574	97.83	46	0	1	1	46	6	50	1e-14	78.7
Hs_tRNA.V.CAC.5	SRR7971416_0877184_4_1.03255570702574	100.00	41	0	0	1	41	8	48	4e-14	76.8
Hs_tRNA.V.AAC.5	SRR7971416_1079718_4_1.03255570702574	95.56	45	2	0	1	45	6	50	5e-13	73.1
Hs_tRNA.V.AAC.5	SRR7971416_3459367_1_0.258138926756435	95.45	44	2	0	30	73	2	45	2e-12	71.3
Hs_tRNA.V.AAC.5	SRR7971416_0877184_4_1.03255570702574	95.35	43	2	0	1	43	8	50	6e-12	69.4
Hs_tRNA.E.TTC.2	SRR7971416_1125703_4_1.03255570702574	100.00	48	0	0	5	52	48	1	5e-18	89.8
Hs_tRNA.E.TTC.2	SRR7971416_0185121_8_2.06511141405148	97.67	43	1	0	1	43	5	47	1e-13	75.0
Hs_tRNA.E.TTC.1	SRR7971416_0185121_8_2.06511141405148	100.00	46	0	0	1	46	5	50	6e-17	86.1
Hs_tRNA.E.TTC.1	SRR7971416_1125703_4_1.03255570702574	97.83	46	1	0	7	52	46	1	3e-15	80.5
Hs_tRNA.E.CTC.2	SRR7971416_0591293_5_1.29069463378218	100.00	35	0	0	18	52	35	1	8e-11	65.8
Hs_tRNA.E.CTC.1	SRR7971416_0591293_5_1.29069463378218	100.00	35	0	0	18	52	35	1	8e-11	65.8
Hs_tRNA.D.GTC.2	SRR7971416_2612133_2_0.516277853512871	100.00	50	0	0	23	72	50	1	4e-19	93.5
Hs_tRNA.D.GTC.3	SRR7971416_2612133_2_0.516277853512871	97.92	48	1	0	25	72	48	1	2e-16	84.2
Hs_tRNA.D.GTC.1	SRR7971416_2612133_2_0.516277853512871	98.00	50	1	0	23	72	50	1	2e-17	87.9
